[+] Containers:
 |- [+] Container: /Game/Levels/MainMenu
 |   |- [+] ActorDescs:
 |   |   |- Guid:139EAEAD41F68040A4D4C9BC721B03CF NativeClass:/Script/Engine.StaticMeshActor Name:StaticMeshActor_UAID_D0AD0856D72132DD02_1950615677 Label:CircleKey SpatiallyLoaded:true EditorBounds:IsValid=true, Min=(X=7882.909 Y=1924.094 Z=788.968), Max=(X=7897.933 Y=1959.784 Z=822.726) RuntimeBounds:IsValid=true, Min=(X=7882.909 Y=1924.094 Z=788.968), Max=(X=7897.933 Y=1959.784 Z=822.726) RuntimeGrid:None EditorOnly:false RuntimeOnly:false HLODRelevant:true ListedInSceneOutliner:true IsMainWorldOnly:false
 |   |   |- Guid:1FFA999F435ACCDCAAF73EAEFE982A33 NativeClass:/Script/Engine.SkyLight Name:SkyLight_UAID_D0AD0856D72132DD02_2013803681 Label:SkyLight SpatiallyLoaded:false EditorBounds:IsValid=true, Min=(X=-1.000 Y=-1.000 Z=-1.000), Max=(X=1.000 Y=1.000 Z=2460.000) RuntimeBounds:IsValid=true, Min=(X=0.000 Y=0.000 Z=2460.000), Max=(X=0.000 Y=0.000 Z=2460.000) RuntimeGrid:None EditorOnly:false RuntimeOnly:false HLODRelevant:false ListedInSceneOutliner:true IsMainWorldOnly:false FolderPath:Lighting FolderGuid:260FC5394294897372D8E4B23F8BF9A3
 |   |   |- Guid:20B3A27E4A57DFEAA0908DA5F15298DA NativeClass:/Script/Engine.PlayerStart Name:PlayerStart_UAID_D0AD0856D72132DD02_2069774684 Label:PlayerStart SpatiallyLoaded:false EditorBounds:IsValid=true, Min=(X=7293.839 Y=1772.473 Z=396.612), Max=(X=7661.839 Y=2028.473 Z=652.612) RuntimeBounds:IsValid=true, Min=(X=7381.839 Y=1860.473 Z=432.612), Max=(X=7461.839 Y=1940.473 Z=616.612) RuntimeGrid:None EditorOnly:false RuntimeOnly:false HLODRelevant:false ListedInSceneOutliner:true IsMainWorldOnly:false
 |   |   |- Guid:2439C2A8463AAA71E555C9B7996FBF17 NativeClass:/Script/Engine.SkyAtmosphere Name:SkyAtmosphere_UAID_D0AD0856D72132DD02_2013800680 Label:SkyAtmosphere SpatiallyLoaded:false EditorBounds:IsValid=true, Min=(X=-128.000 Y=-128.000 Z=2032.000), Max=(X=240.000 Y=128.000 Z=2288.000) RuntimeBounds:IsValid=true, Min=(X=0.000 Y=0.000 Z=2160.000), Max=(X=0.000 Y=0.000 Z=2160.000) RuntimeGrid:None EditorOnly:false RuntimeOnly:false HLODRelevant:false ListedInSceneOutliner:true IsMainWorldOnly:false FolderPath:Lighting FolderGuid:260FC5394294897372D8E4B23F8BF9A3
 |   |   |- Guid:3E915CFC4B47A07434EDBCAF5C1A416C NativeClass:/Script/Engine.StaticMeshActor Name:StaticMeshActor_UAID_D0AD0856D72132DD02_1950601672 Label:Mediumtemple3 SpatiallyLoaded:true EditorBounds:IsValid=true, Min=(X=7598.777 Y=862.337 Z=415.585), Max=(X=9629.770 Y=2893.330 Z=1437.443) RuntimeBounds:IsValid=true, Min=(X=7598.777 Y=862.337 Z=415.585), Max=(X=9629.770 Y=2893.330 Z=1437.443) RuntimeGrid:None EditorOnly:false RuntimeOnly:false HLODRelevant:true ListedInSceneOutliner:true IsMainWorldOnly:false
 |   |   |- Guid:4EC02CFC4C70B53131CD8B95584CEBCC NativeClass:/Script/Engine.DirectionalLight Name:DirectionalLight_UAID_D0AD0856D72132DD02_2013795679 Label:DirectionalLight SpatiallyLoaded:false EditorBounds:IsValid=false, Min=(X=0.000 Y=0.000 Z=0.000), Max=(X=0.000 Y=0.000 Z=0.000) RuntimeBounds:IsValid=false, Min=(X=0.000 Y=0.000 Z=0.000), Max=(X=0.000 Y=0.000 Z=0.000) RuntimeGrid:None EditorOnly:false RuntimeOnly:false HLODRelevant:false ListedInSceneOutliner:true IsMainWorldOnly:false FolderPath:Lighting FolderGuid:260FC5394294897372D8E4B23F8BF9A3
 |   |   |- Guid:532B164C4ACD97B549295FA4E9A73807 NativeClass:/Script/Engine.StaticMeshActor Name:StaticMeshActor_UAID_D0AD0856D72132DD02_1950607674 Label:EagleTotem5 SpatiallyLoaded:true EditorBounds:IsValid=true, Min=(X=7500.784 Y=1963.977 Z=423.435), Max=(X=7908.249 Y=2516.366 Z=811.108) RuntimeBounds:IsValid=true, Min=(X=7500.784 Y=1963.977 Z=423.435), Max=(X=7908.249 Y=2516.366 Z=811.108) RuntimeGrid:None EditorOnly:false RuntimeOnly:false HLODRelevant:true ListedInSceneOutliner:true IsMainWorldOnly:false
 |   |   |- Guid:600852334E594B03C43452ACB47CC73E NativeClass:/Script/Engine.VolumetricCloud Name:VolumetricCloud_UAID_D0AD0856D72132DD02_2013806682 Label:VolumetricCloud SpatiallyLoaded:false EditorBounds:IsValid=true, Min=(X=-128.000 Y=-128.000 Z=2162.000), Max=(X=128.000 Y=128.000 Z=2418.000) RuntimeBounds:IsValid=true, Min=(X=0.000 Y=0.000 Z=2290.000), Max=(X=0.000 Y=0.000 Z=2290.000) RuntimeGrid:None EditorOnly:false RuntimeOnly:false HLODRelevant:false ListedInSceneOutliner:true IsMainWorldOnly:false FolderPath:Lighting FolderGuid:260FC5394294897372D8E4B23F8BF9A3
 |   |   |- Guid:7C450F4F42F871FED70A64B9C2BC40AE NativeClass:/Script/Engine.LocalFogVolume Name:LocalFogVolume_UAID_D0AD0856D72132DD02_2013809683 Label:LocalFogVolume SpatiallyLoaded:false EditorBounds:IsValid=true, Min=(X=-3213.646 Y=-25.997 Z=1324.115), Max=(X=-2701.646 Y=486.003 Z=1836.115) RuntimeBounds:IsValid=true, Min=(X=-2957.646 Y=230.003 Z=1580.115), Max=(X=-2957.646 Y=230.003 Z=1580.115) RuntimeGrid:None EditorOnly:false RuntimeOnly:false HLODRelevant:false ListedInSceneOutliner:true IsMainWorldOnly:false
 |   |   |- Guid:9243FBAF4E5BA80BF8F6C5ABA7F76FD9 NativeClass:/Script/Engine.StaticMeshActor Name:StaticMeshActor_UAID_D0AD0856D72132DD02_1950596671 Label:Plane2 SpatiallyLoaded:true EditorBounds:IsValid=true, Min=(X=6541.714 Y=1178.861 Z=423.481), Max=(X=7941.183 Y=2578.330 Z=423.481) RuntimeBounds:IsValid=true, Min=(X=6541.714 Y=1178.861 Z=423.481), Max=(X=7941.183 Y=2578.330 Z=423.481) RuntimeGrid:None EditorOnly:false RuntimeOnly:false HLODRelevant:true ListedInSceneOutliner:true IsMainWorldOnly:false
 |   |   |- Guid:BD8A811C442B4150955D5FBF85E3CAC9 NativeClass:/Script/Engine.StaticMeshActor Name:StaticMeshActor_UAID_D0AD0856D72132DD02_1950604673 Label:JaguarTotem4 SpatiallyLoaded:true EditorBounds:IsValid=true, Min=(X=7580.351 Y=1483.840 Z=420.175), Max=(X=7828.984 Y=1758.550 Z=715.619) RuntimeBounds:IsValid=true, Min=(X=7580.351 Y=1483.840 Z=420.175), Max=(X=7828.984 Y=1758.550 Z=715.619) RuntimeGrid:None EditorOnly:false RuntimeOnly:false HLODRelevant:true ListedInSceneOutliner:true IsMainWorldOnly:false
 |   |   |- Guid:CF481DCA4DAA1F5902A8E1818B9D60A5 NativeClass:/Script/Engine.StaticMeshActor Name:StaticMeshActor_UAID_D0AD0856D72132DD02_1950612676 Label:TriangleKey SpatiallyLoaded:true EditorBounds:IsValid=true, Min=(X=7886.573 Y=1860.187 Z=792.471), Max=(X=7895.723 Y=1891.051 Z=826.402) RuntimeBounds:IsValid=true, Min=(X=7886.573 Y=1860.187 Z=792.471), Max=(X=7895.723 Y=1891.051 Z=826.402) RuntimeGrid:None EditorOnly:false RuntimeOnly:false HLODRelevant:true ListedInSceneOutliner:true IsMainWorldOnly:false
 |   |   |- Guid:F2319A2C48EC304737000087BE497002 NativeClass:/Script/Engine.StaticMeshActor Name:StaticMeshActor_UAID_D0AD0856D72132DD02_1950610675 Label:SquareKey SpatiallyLoaded:true EditorBounds:IsValid=true, Min=(X=7867.571 Y=1792.353 Z=785.020), Max=(X=7882.504 Y=1827.529 Z=819.125) RuntimeBounds:IsValid=true, Min=(X=7867.571 Y=1792.353 Z=785.020), Max=(X=7882.504 Y=1827.529 Z=819.125) RuntimeGrid:None EditorOnly:false RuntimeOnly:false HLODRelevant:true ListedInSceneOutliner:true IsMainWorldOnly:false
 |   |- [+] Clusters:
 |   |   |- [+] [  0]
 |   |   |   |- Guid:139EAEAD41F68040A4D4C9BC721B03CF NativeClass:/Script/Engine.StaticMeshActor Name:StaticMeshActor_UAID_D0AD0856D72132DD02_1950615677 Label:CircleKey SpatiallyLoaded:true EditorBounds:IsValid=true, Min=(X=7882.909 Y=1924.094 Z=788.968), Max=(X=7897.933 Y=1959.784 Z=822.726) RuntimeBounds:IsValid=true, Min=(X=7882.909 Y=1924.094 Z=788.968), Max=(X=7897.933 Y=1959.784 Z=822.726) RuntimeGrid:None EditorOnly:false RuntimeOnly:false HLODRelevant:true ListedInSceneOutliner:true IsMainWorldOnly:false
 |   |   |- [+] [  1]
 |   |   |   |- Guid:1FFA999F435ACCDCAAF73EAEFE982A33 NativeClass:/Script/Engine.SkyLight Name:SkyLight_UAID_D0AD0856D72132DD02_2013803681 Label:SkyLight SpatiallyLoaded:false EditorBounds:IsValid=true, Min=(X=-1.000 Y=-1.000 Z=-1.000), Max=(X=1.000 Y=1.000 Z=2460.000) RuntimeBounds:IsValid=true, Min=(X=0.000 Y=0.000 Z=2460.000), Max=(X=0.000 Y=0.000 Z=2460.000) RuntimeGrid:None EditorOnly:false RuntimeOnly:false HLODRelevant:false ListedInSceneOutliner:true IsMainWorldOnly:false FolderPath:Lighting FolderGuid:260FC5394294897372D8E4B23F8BF9A3
 |   |   |- [+] [  2]
 |   |   |   |- Guid:20B3A27E4A57DFEAA0908DA5F15298DA NativeClass:/Script/Engine.PlayerStart Name:PlayerStart_UAID_D0AD0856D72132DD02_2069774684 Label:PlayerStart SpatiallyLoaded:false EditorBounds:IsValid=true, Min=(X=7293.839 Y=1772.473 Z=396.612), Max=(X=7661.839 Y=2028.473 Z=652.612) RuntimeBounds:IsValid=true, Min=(X=7381.839 Y=1860.473 Z=432.612), Max=(X=7461.839 Y=1940.473 Z=616.612) RuntimeGrid:None EditorOnly:false RuntimeOnly:false HLODRelevant:false ListedInSceneOutliner:true IsMainWorldOnly:false
 |   |   |- [+] [  3]
 |   |   |   |- Guid:2439C2A8463AAA71E555C9B7996FBF17 NativeClass:/Script/Engine.SkyAtmosphere Name:SkyAtmosphere_UAID_D0AD0856D72132DD02_2013800680 Label:SkyAtmosphere SpatiallyLoaded:false EditorBounds:IsValid=true, Min=(X=-128.000 Y=-128.000 Z=2032.000), Max=(X=240.000 Y=128.000 Z=2288.000) RuntimeBounds:IsValid=true, Min=(X=0.000 Y=0.000 Z=2160.000), Max=(X=0.000 Y=0.000 Z=2160.000) RuntimeGrid:None EditorOnly:false RuntimeOnly:false HLODRelevant:false ListedInSceneOutliner:true IsMainWorldOnly:false FolderPath:Lighting FolderGuid:260FC5394294897372D8E4B23F8BF9A3
 |   |   |- [+] [  4]
 |   |   |   |- Guid:3E915CFC4B47A07434EDBCAF5C1A416C NativeClass:/Script/Engine.StaticMeshActor Name:StaticMeshActor_UAID_D0AD0856D72132DD02_1950601672 Label:Mediumtemple3 SpatiallyLoaded:true EditorBounds:IsValid=true, Min=(X=7598.777 Y=862.337 Z=415.585), Max=(X=9629.770 Y=2893.330 Z=1437.443) RuntimeBounds:IsValid=true, Min=(X=7598.777 Y=862.337 Z=415.585), Max=(X=9629.770 Y=2893.330 Z=1437.443) RuntimeGrid:None EditorOnly:false RuntimeOnly:false HLODRelevant:true ListedInSceneOutliner:true IsMainWorldOnly:false
 |   |   |- [+] [  5]
 |   |   |   |- Guid:4EC02CFC4C70B53131CD8B95584CEBCC NativeClass:/Script/Engine.DirectionalLight Name:DirectionalLight_UAID_D0AD0856D72132DD02_2013795679 Label:DirectionalLight SpatiallyLoaded:false EditorBounds:IsValid=false, Min=(X=0.000 Y=0.000 Z=0.000), Max=(X=0.000 Y=0.000 Z=0.000) RuntimeBounds:IsValid=false, Min=(X=0.000 Y=0.000 Z=0.000), Max=(X=0.000 Y=0.000 Z=0.000) RuntimeGrid:None EditorOnly:false RuntimeOnly:false HLODRelevant:false ListedInSceneOutliner:true IsMainWorldOnly:false FolderPath:Lighting FolderGuid:260FC5394294897372D8E4B23F8BF9A3
 |   |   |- [+] [  6]
 |   |   |   |- Guid:532B164C4ACD97B549295FA4E9A73807 NativeClass:/Script/Engine.StaticMeshActor Name:StaticMeshActor_UAID_D0AD0856D72132DD02_1950607674 Label:EagleTotem5 SpatiallyLoaded:true EditorBounds:IsValid=true, Min=(X=7500.784 Y=1963.977 Z=423.435), Max=(X=7908.249 Y=2516.366 Z=811.108) RuntimeBounds:IsValid=true, Min=(X=7500.784 Y=1963.977 Z=423.435), Max=(X=7908.249 Y=2516.366 Z=811.108) RuntimeGrid:None EditorOnly:false RuntimeOnly:false HLODRelevant:true ListedInSceneOutliner:true IsMainWorldOnly:false
 |   |   |- [+] [  7]
 |   |   |   |- Guid:600852334E594B03C43452ACB47CC73E NativeClass:/Script/Engine.VolumetricCloud Name:VolumetricCloud_UAID_D0AD0856D72132DD02_2013806682 Label:VolumetricCloud SpatiallyLoaded:false EditorBounds:IsValid=true, Min=(X=-128.000 Y=-128.000 Z=2162.000), Max=(X=128.000 Y=128.000 Z=2418.000) RuntimeBounds:IsValid=true, Min=(X=0.000 Y=0.000 Z=2290.000), Max=(X=0.000 Y=0.000 Z=2290.000) RuntimeGrid:None EditorOnly:false RuntimeOnly:false HLODRelevant:false ListedInSceneOutliner:true IsMainWorldOnly:false FolderPath:Lighting FolderGuid:260FC5394294897372D8E4B23F8BF9A3
 |   |   |- [+] [  8]
 |   |   |   |- Guid:7C450F4F42F871FED70A64B9C2BC40AE NativeClass:/Script/Engine.LocalFogVolume Name:LocalFogVolume_UAID_D0AD0856D72132DD02_2013809683 Label:LocalFogVolume SpatiallyLoaded:false EditorBounds:IsValid=true, Min=(X=-3213.646 Y=-25.997 Z=1324.115), Max=(X=-2701.646 Y=486.003 Z=1836.115) RuntimeBounds:IsValid=true, Min=(X=-2957.646 Y=230.003 Z=1580.115), Max=(X=-2957.646 Y=230.003 Z=1580.115) RuntimeGrid:None EditorOnly:false RuntimeOnly:false HLODRelevant:false ListedInSceneOutliner:true IsMainWorldOnly:false
 |   |   |- [+] [  9]
 |   |   |   |- Guid:9243FBAF4E5BA80BF8F6C5ABA7F76FD9 NativeClass:/Script/Engine.StaticMeshActor Name:StaticMeshActor_UAID_D0AD0856D72132DD02_1950596671 Label:Plane2 SpatiallyLoaded:true EditorBounds:IsValid=true, Min=(X=6541.714 Y=1178.861 Z=423.481), Max=(X=7941.183 Y=2578.330 Z=423.481) RuntimeBounds:IsValid=true, Min=(X=6541.714 Y=1178.861 Z=423.481), Max=(X=7941.183 Y=2578.330 Z=423.481) RuntimeGrid:None EditorOnly:false RuntimeOnly:false HLODRelevant:true ListedInSceneOutliner:true IsMainWorldOnly:false
 |   |   |- [+] [ 10]
 |   |   |   |- Guid:BD8A811C442B4150955D5FBF85E3CAC9 NativeClass:/Script/Engine.StaticMeshActor Name:StaticMeshActor_UAID_D0AD0856D72132DD02_1950604673 Label:JaguarTotem4 SpatiallyLoaded:true EditorBounds:IsValid=true, Min=(X=7580.351 Y=1483.840 Z=420.175), Max=(X=7828.984 Y=1758.550 Z=715.619) RuntimeBounds:IsValid=true, Min=(X=7580.351 Y=1483.840 Z=420.175), Max=(X=7828.984 Y=1758.550 Z=715.619) RuntimeGrid:None EditorOnly:false RuntimeOnly:false HLODRelevant:true ListedInSceneOutliner:true IsMainWorldOnly:false
 |   |   |- [+] [ 11]
 |   |   |   |- Guid:CF481DCA4DAA1F5902A8E1818B9D60A5 NativeClass:/Script/Engine.StaticMeshActor Name:StaticMeshActor_UAID_D0AD0856D72132DD02_1950612676 Label:TriangleKey SpatiallyLoaded:true EditorBounds:IsValid=true, Min=(X=7886.573 Y=1860.187 Z=792.471), Max=(X=7895.723 Y=1891.051 Z=826.402) RuntimeBounds:IsValid=true, Min=(X=7886.573 Y=1860.187 Z=792.471), Max=(X=7895.723 Y=1891.051 Z=826.402) RuntimeGrid:None EditorOnly:false RuntimeOnly:false HLODRelevant:true ListedInSceneOutliner:true IsMainWorldOnly:false
 |   |   |- [+] [ 12]
 |   |   |   |- Guid:F2319A2C48EC304737000087BE497002 NativeClass:/Script/Engine.StaticMeshActor Name:StaticMeshActor_UAID_D0AD0856D72132DD02_1950610675 Label:SquareKey SpatiallyLoaded:true EditorBounds:IsValid=true, Min=(X=7867.571 Y=1792.353 Z=785.020), Max=(X=7882.504 Y=1827.529 Z=819.125) RuntimeBounds:IsValid=true, Min=(X=7867.571 Y=1792.353 Z=785.020), Max=(X=7882.504 Y=1827.529 Z=819.125) RuntimeGrid:None EditorOnly:false RuntimeOnly:false HLODRelevant:true ListedInSceneOutliner:true IsMainWorldOnly:false
 |- ContainerInstances:
 |- [+] MainContainer:
 |   |-        ID: 00000000000000000000000000000000
 |   |-  ParentID: 00000000000000000000000000000000
 |   |-    Bounds: IsValid=false, Min=(X=0.000 Y=0.000 Z=0.000), Max=(X=0.000 Y=0.000 Z=0.000)
 |   |- Transform: 0.000000,0.000000,0.000000|0.000000,0.000000,-0.000000|1.000000,1.000000,1.000000
 |   |- Container: /Game/Levels/MainMenu
----------------------------------------------------------------------------------------------------------------
MainMenu - Persistent Level
----------------------------------------------------------------------------------------------------------------
[+] Content of MainMenu Persistent Level
 |- Always loaded Actor Count: 13 
 |- Actor Path: /Game/Levels/UEDPIE_0_MainMenu.MainMenu:PersistentLevel.DirectionalLight_UAID_D0AD0856D72132DD02_2013795679
 |- Actor Package: /Game/Levels/UEDPIE_0_MainMenu_InstanceOf_/Game/__ExternalActors__/Levels/MainMenu/C/YD/9ZSASB53S35GLFQCD0N8RG
 |- Actor Path: /Game/Levels/UEDPIE_0_MainMenu.MainMenu:PersistentLevel.LocalFogVolume_UAID_D0AD0856D72132DD02_2013809683
 |- Actor Package: /Game/Levels/UEDPIE_0_MainMenu_InstanceOf_/Game/__ExternalActors__/Levels/MainMenu/C/Y7/BQKPE0FTFLIKTUGDU1ZRMO
 |- Actor Path: /Game/Levels/UEDPIE_0_MainMenu.MainMenu:PersistentLevel.PlayerStart_UAID_D0AD0856D72132DD02_2069774684
 |- Actor Package: /Game/Levels/UEDPIE_0_MainMenu_InstanceOf_/Game/__ExternalActors__/Levels/MainMenu/0/RQ/IC85RJ506VAH5TTHTEJ4O9
 |- Actor Path: /Game/Levels/UEDPIE_0_MainMenu.MainMenu:PersistentLevel.SkyAtmosphere_UAID_D0AD0856D72132DD02_2013800680
 |- Actor Package: /Game/Levels/UEDPIE_0_MainMenu_InstanceOf_/Game/__ExternalActors__/Levels/MainMenu/1/WR/UNTCYXJGQ2U7Y82X4VUXHY
 |- Actor Path: /Game/Levels/UEDPIE_0_MainMenu.MainMenu:PersistentLevel.SkyLight_UAID_D0AD0856D72132DD02_2013803681
 |- Actor Package: /Game/Levels/UEDPIE_0_MainMenu_InstanceOf_/Game/__ExternalActors__/Levels/MainMenu/4/N7/VMCALFB5WL3OWTUC19QBNM
 |- Actor Path: /Game/Levels/UEDPIE_0_MainMenu.MainMenu:PersistentLevel.StaticMeshActor_UAID_D0AD0856D72132DD02_1950596671
 |- Actor Package: /Game/Levels/UEDPIE_0_MainMenu_InstanceOf_/Game/__ExternalActors__/Levels/MainMenu/E/E0/AD28V4Z7CJ5I801C6ZZVIV
 |- Actor Path: /Game/Levels/UEDPIE_0_MainMenu.MainMenu:PersistentLevel.StaticMeshActor_UAID_D0AD0856D72132DD02_1950601672
 |- Actor Package: /Game/Levels/UEDPIE_0_MainMenu_InstanceOf_/Game/__ExternalActors__/Levels/MainMenu/5/SL/QOPZIA9RXNSXHMVO23J4F9
 |- Actor Path: /Game/Levels/UEDPIE_0_MainMenu.MainMenu:PersistentLevel.StaticMeshActor_UAID_D0AD0856D72132DD02_1950604673
 |- Actor Package: /Game/Levels/UEDPIE_0_MainMenu_InstanceOf_/Game/__ExternalActors__/Levels/MainMenu/0/0O/15PS4FJG39GVA40LK6H449
 |- Actor Path: /Game/Levels/UEDPIE_0_MainMenu.MainMenu:PersistentLevel.StaticMeshActor_UAID_D0AD0856D72132DD02_1950607674
 |- Actor Package: /Game/Levels/UEDPIE_0_MainMenu_InstanceOf_/Game/__ExternalActors__/Levels/MainMenu/7/M2/ZZZS5UNZRRSF9YX9S1HSEL
 |- Actor Path: /Game/Levels/UEDPIE_0_MainMenu.MainMenu:PersistentLevel.StaticMeshActor_UAID_D0AD0856D72132DD02_1950610675
 |- Actor Package: /Game/Levels/UEDPIE_0_MainMenu_InstanceOf_/Game/__ExternalActors__/Levels/MainMenu/6/VJ/NGGACCQ3V5Z0M7RZPCTU5B
 |- Actor Path: /Game/Levels/UEDPIE_0_MainMenu.MainMenu:PersistentLevel.StaticMeshActor_UAID_D0AD0856D72132DD02_1950612676
 |- Actor Package: /Game/Levels/UEDPIE_0_MainMenu_InstanceOf_/Game/__ExternalActors__/Levels/MainMenu/4/HD/KVY4V6VCSRBFNBWAUFI08P
 |- Actor Path: /Game/Levels/UEDPIE_0_MainMenu.MainMenu:PersistentLevel.StaticMeshActor_UAID_D0AD0856D72132DD02_1950615677
 |- Actor Package: /Game/Levels/UEDPIE_0_MainMenu_InstanceOf_/Game/__ExternalActors__/Levels/MainMenu/D/4P/J3I49TJE03AJH9U4S4K8TY
 |- Actor Path: /Game/Levels/UEDPIE_0_MainMenu.MainMenu:PersistentLevel.VolumetricCloud_UAID_D0AD0856D72132DD02_2013806682
 |- Actor Package: /Game/Levels/UEDPIE_0_MainMenu_InstanceOf_/Game/__ExternalActors__/Levels/MainMenu/3/HF/YH0JJNJEDV72BLASZD4UG4

----------------------------------------------------------------------------------------------------------------
MainMenu - Runtime Hash Set
----------------------------------------------------------------------------------------------------------------

